✅ Hello from COBOL in WSL!
Press Enter to exit
